{
    "Should create three msav files": {
        "content": [
            {
                "tasksFailed": 0,
                "tasksCount": 3,
                "tasksSucceeded": 3
            }
        ],
        "timestamp": "2023-11-10T17:02:16.158553"
    }
}